// Jest Snapshot v1, https://goo.gl/fbAQLP

exports[`<Game /> should render the heading 1`] = `
<main
  class=""
>
  <h1>
    Game
  </h1>
</main>
`;
